
> frontend@0.1.0 build
> next build

   Γû▓ Next.js 15.5.2
   - Environments: .env

   Creating an optimized production build ...
 Γ£ô Compiled successfully in 7.3s
   Linting and checking validity of types ...
node.exe : 
At C:\Users\areka\AppData\Roaming\npm\npm.ps1:24 char:5
+     & "node$exe"  "$basedir/node_modules/npm/bin/npm-cli.js" $args
+     ~~~~~~~~~~~~~~~~~~~~~~~~~~~~~~~~~~~~~~~~~~~~~~~~~~~~~~~~~~~~~~
    + CategoryInfo          : NotSpecified: (:String) [], RemoteException
    + FullyQualifiedErrorId : NativeCommandError
 
Failed to compile.

./app/auth/signin/page.tsx
48:19  Error: Unexpected any. Specify a different type.  
@typescript-eslint/no-explicit-any

./app/auth/signup/page.tsx
22:10  Warning: 'passwordFocus' is assigned a value but never used.  
@typescript-eslint/no-unused-vars
62:19  Error: Unexpected any. Specify a different type.  
@typescript-eslint/no-explicit-any

./app/blog/[blogId]/page.tsx
26:5  Error: React Hook "useBlogs" is called conditionally. React Hooks must be 
called in the exact same order in every component render.  
react-hooks/rules-of-hooks
28:31  Error: Unexpected any. Specify a different type.  
@typescript-eslint/no-explicit-any
33:3  Error: React Hook "useEffect" is called conditionally. React Hooks must 
be called in the exact same order in every component render. Did you 
accidentally call a React Hook after an early return?  
react-hooks/rules-of-hooks
35:6  Warning: React Hook useEffect has a missing dependency: 'loadcommnets'. 
Either include it or remove the dependency array.  react-hooks/exhaustive-deps
122:25  Warning: Expected an assignment or function call and instead saw an 
expression.  @typescript-eslint/no-unused-expressions
257:38  Error: Unexpected any. Specify a different type.  
@typescript-eslint/no-explicit-any
330:42  Error: Unexpected any. Specify a different type.  
@typescript-eslint/no-explicit-any

./app/chat/components/MainChatWindow.tsx
238:21  Warning: Using `<img>` could result in slower LCP and higher bandwidth. 
Consider using `<Image />` from `next/image` or a custom image loader to 
automatically optimize images. This may incur additional usage or cost from 
your provider. See: https://nextjs.org/docs/messages/no-img-element  
@next/next/no-img-element

./app/components/ActivitySidebar.tsx
260:60  Error: `'` can be escaped with `&apos;`, `&lsquo;`, `&#39;`, `&rsquo;`. 
 react/no-unescaped-entities

./app/components/HomeLayout.tsx
5:8  Warning: 'TopNavigation' is defined but never used.  
@typescript-eslint/no-unused-vars
21:9  Warning: 'toggleMobileBottomMenu' is assigned a value but never used.  
@typescript-eslint/no-unused-vars

./app/components/landing/ContentCard.tsx
6:55  Warning: 'variant' is assigned a value but never used.  
@typescript-eslint/no-unused-vars
50:11  Error: `"` can be escaped with `&quot;`, `&ldquo;`, `&#34;`, `&rdquo;`.  
react/no-unescaped-entities
50:48  Error: `'` can be escaped with `&apos;`, `&lsquo;`, `&#39;`, `&rsquo;`.  
react/no-unescaped-entities
50:56  Error: `"` can be escaped with `&quot;`, `&ldquo;`, `&#34;`, `&rdquo;`.  
react/no-unescaped-entities

./app/components/landing/HeaderNavigation.tsx
3:10  Warning: 'useState' is defined but never used.  
@typescript-eslint/no-unused-vars

./app/components/landing/TestimonialSection.tsx
46:15  Error: `"` can be escaped with `&quot;`, `&ldquo;`, `&#34;`, `&rdquo;`.  
react/no-unescaped-entities
47:101  Error: `"` can be escaped with `&quot;`, `&ldquo;`, `&#34;`, `&rdquo;`. 
 react/no-unescaped-entities
59:35  Error: `'` can be escaped with `&apos;`, `&lsquo;`, `&#39;`, `&rsquo;`.  
react/no-unescaped-entities

./app/components/SearchModal.tsx
220:38  Error: `"` can be escaped with `&quot;`, `&ldquo;`, `&#34;`, `&rdquo;`. 
 react/no-unescaped-entities
220:87  Error: `"` can be escaped with `&quot;`, `&ldquo;`, `&#34;`, `&rdquo;`. 
 react/no-unescaped-entities

./app/components/UserHoverCard.tsx
12:10  Warning: 'useState' is defined but never used.  
@typescript-eslint/no-unused-vars
14:83  Error: Unexpected any. Specify a different type.  
@typescript-eslint/no-explicit-any
15:17  Warning: 'followUser' is assigned a value but never used.  
@typescript-eslint/no-unused-vars
15:28  Warning: 'unfollowUser' is assigned a value but never used.  
@typescript-eslint/no-unused-vars
16:12  Warning: 'blogs' is assigned a value but never used.  
@typescript-eslint/no-unused-vars
16:18  Warning: 'setBlogs' is assigned a value but never used.  
@typescript-eslint/no-unused-vars

./app/dashboard/page.tsx
286:23  Warning: Using `<img>` could result in slower LCP and higher bandwidth. 
Consider using `<Image />` from `next/image` or a custom image loader to 
automatically optimize images. This may incur additional usage or cost from 
your provider. See: https://nextjs.org/docs/messages/no-img-element  
@next/next/no-img-element

./app/home/components/BlogCard.tsx
38:29  Error: Unexpected any. Specify a different type.  
@typescript-eslint/no-explicit-any
105:38  Warning: Expected an assignment or function call and instead saw an 
expression.  @typescript-eslint/no-unused-expressions
168:70  Error: `'` can be escaped with `&apos;`, `&lsquo;`, `&#39;`, `&rsquo;`. 
 react/no-unescaped-entities

./app/home/components/BottomNavigationBar.tsx
10:9  Warning: 'handleCreateClick' is assigned a value but never used.  
@typescript-eslint/no-unused-vars

./app/home/components/SidebarNavigation.tsx
12:7  Warning: 'user' is defined but never used.  
@typescript-eslint/no-unused-vars
22:9  Warning: 'appearanceRef' is assigned a value but never used.  
@typescript-eslint/no-unused-vars

./app/home/components/TopNavigation.tsx
24:9  Warning: 'featuredContent' is assigned a value but never used.  
@typescript-eslint/no-unused-vars

./app/profile/[userId]/page.tsx
21:20  Error: React Hook "useUser" is called conditionally. React Hooks must be 
called in the exact same order in every component render.  
react-hooks/rules-of-hooks
23:33  Error: React Hook "useState" is called conditionally. React Hooks must 
be called in the exact same order in every component render.  
react-hooks/rules-of-hooks
23:42  Error: Unexpected any. Specify a different type.  
@typescript-eslint/no-explicit-any
24:29  Error: React Hook "useState" is called conditionally. React Hooks must 
be called in the exact same order in every component render.  
react-hooks/rules-of-hooks
24:38  Error: Unexpected any. Specify a different type.  
@typescript-eslint/no-explicit-any
25:37  Error: React Hook "useState" is called conditionally. React Hooks must 
be called in the exact same order in every component render.  
react-hooks/rules-of-hooks
25:46  Error: Unexpected any. Specify a different type.  
@typescript-eslint/no-explicit-any
26:37  Error: React Hook "useState" is called conditionally. React Hooks must 
be called in the exact same order in every component render.  
react-hooks/rules-of-hooks
26:46  Error: Unexpected any. Specify a different type.  
@typescript-eslint/no-explicit-any
27:37  Error: React Hook "useState" is called conditionally. React Hooks must 
be called in the exact same order in every component render.  
react-hooks/rules-of-hooks
28:33  Error: React Hook "useState" is called conditionally. React Hooks must 
be called in the exact same order in every component render.  
react-hooks/rules-of-hooks
29:45  Error: React Hook "useState" is called conditionally. React Hooks must 
be called in the exact same order in every component render.  
react-hooks/rules-of-hooks
74:3  Error: React Hook "useEffect" is called conditionally. React Hooks must 
be called in the exact same order in every component render. Did you 
accidentally call a React Hook after an early return?  
react-hooks/rules-of-hooks
75:5  Warning: Unused eslint-disable directive (no problems were reported from 
'react-hooks/exhaustive-deps').
81:6  Warning: React Hook useEffect has a missing dependency: 'loadProfile'. 
Either include it or remove the dependency array.  react-hooks/exhaustive-deps
299:1  Warning: Unused eslint-disable directive (no problems were reported from 
'@typescript-eslint/no-explicit-any').

./app/publish/components/ImageUploader.tsx
45:25  Warning: Using `<img>` could result in slower LCP and higher bandwidth. 
Consider using `<Image />` from `next/image` or a custom image loader to 
automatically optimize images. This may incur additional usage or cost from 
your provider. See: https://nextjs.org/docs/messages/no-img-element  
@next/next/no-img-element

./app/publish/components/TiptapEditor.tsx
12:10  Warning: 'ImageUpIcon' is defined but never used.  
@typescript-eslint/no-unused-vars

./app/search/page.tsx
129:15  Warning: Using `<img>` could result in slower LCP and higher bandwidth. 
Consider using `<Image />` from `next/image` or a custom image loader to 
automatically optimize images. This may incur additional usage or cost from 
your provider. See: https://nextjs.org/docs/messages/no-img-element  
@next/next/no-img-element
138:17  Warning: Using `<img>` could result in slower LCP and higher bandwidth. 
Consider using `<Image />` from `next/image` or a custom image loader to 
automatically optimize images. This may incur additional usage or cost from 
your provider. See: https://nextjs.org/docs/messages/no-img-element  
@next/next/no-img-element
170:13  Warning: Using `<img>` could result in slower LCP and higher bandwidth. 
Consider using `<Image />` from `next/image` or a custom image loader to 
automatically optimize images. This may incur additional usage or cost from 
your provider. See: https://nextjs.org/docs/messages/no-img-element  
@next/next/no-img-element
194:13  Warning: Using `<img>` could result in slower LCP and higher bandwidth. 
Consider using `<Image />` from `next/image` or a custom image loader to 
automatically optimize images. This may incur additional usage or cost from 
your provider. See: https://nextjs.org/docs/messages/no-img-element  
@next/next/no-img-element

info  - Need to disable some ESLint rules? Learn more here: 
https://nextjs.org/docs/app/api-reference/config/eslint#disabling-rules
